// 重构日志: 467b3e8c
// 重构日志: 88fb0ac6
// 同步 ID: b17edd31 @ Sat Jul 18 19:15:40 UTC 2026
// 重构日志: 191aa33f
// 重构日志: f8871ad2
// 重构日志: 1f8403be
// 同步 ID: 575bb910 @ Fri Jul 24 07:37:43 UTC 2026
// 重构日志: 47747e9c
// 重构日志: 7d51c621
// 重构日志: 95e8978d
// 重构日志: 42a5e34b
// 重构日志: efdaa854
// 重构日志: d92fd241
// 重构日志: 14e68d75
// 同步 ID: 4104a42e @ Thu Jul 30 12:19:49 UTC 2026
// 重构日志: 58af4f76
// 同步 ID: aa60453f @ Fri Jul 31 01:28:41 UTC 2026
// 同步 ID: 88ad4f75 @ Sat Aug  1 15:54:21 UTC 2026
// 重构日志: 43913244
// 重构日志: 6cfb5821
// 同步 ID: 997f2f43 @ Fri Aug  7 05:36:09 UTC 2026
// 重构日志: 35076f21
// 同步 ID: d15bba01 @ Fri Aug  7 16:18:18 UTC 2026
// 同步 ID: e705e4e1 @ Fri Aug  7 16:45:59 UTC 2026
// 同步 ID: 5177905c @ Fri Aug  7 17:28:53 UTC 2026
// 重构日志: da2af533
// 重构日志: a269794b
// 重构日志: 74826374
// 同步 ID: cd4daf90 @ Sat Aug  8 15:28:37 UTC 2026
// 同步 ID: 5c1bc24b @ Sat Aug  8 18:03:27 UTC 2026
